[INFO] Scanning for projects...
[INFO] 
[INFO] ------------------------< com.example:iot-bay >-------------------------
[INFO] Building iot-bay Maven Webapp 1.0-SNAPSHOT
[INFO]   from pom.xml
[INFO] --------------------------------[ war ]---------------------------------
[INFO] 
[INFO] --- resources:3.3.1:resources (default-resources) @ iot-bay ---
[INFO] Copying 1 resource from src\main\resources to target\classes
[INFO] 
[INFO] --- compiler:3.11.0:compile (default-compile) @ iot-bay ---
[INFO] Changes detected - recompiling the module! :source
[INFO] Compiling 110 source files with javac [debug release 8] to target\classes
[INFO] 
[INFO] --- resources:3.3.1:testResources (default-testResources) @ iot-bay ---
[INFO] skip non existing resourceDirectory D:\UTS\IoTBayPersonnel\IoTBay\src\test\resources
[INFO] 
[INFO] --- compiler:3.11.0:testCompile (default-testCompile) @ iot-bay ---
[INFO] Changes detected - recompiling the module! :dependency
[INFO] Compiling 3 source files with javac [debug release 8] to target\test-classes
[INFO] 
[INFO] --- surefire:3.2.5:test (default-test) @ iot-bay ---
[INFO] Using auto detected provider org.apache.maven.surefire.junit4.JUnit4Provider
[INFO] 
[INFO] -------------------------------------------------------
[INFO]  T E S T S
[INFO] -------------------------------------------------------
[INFO] Running utils.DatabaseTest
=== Starting Database Test ===
Initializing database...
[DatabaseInitializer] Starting database initialization...
[AppConfig] Loaded application.properties successfully.
[DBConnection] Connecting to URL: jdbc:sqlite:D:/UTS/IoTBayPersonnel/IoTBay/iotbay.db
[DBConnection] Using driver: org.sqlite.JDBC
[DBConnection] Database file absolute path: D:\UTS\IoTBayPersonnel\IoTBay\iotbay.db
[DBConnection] Database file exists: true
[DatabaseInitializer] Got connection to: jdbc:sqlite:D:/UTS/IoTBayPersonnel/IoTBay/iotbay.db
[DatabaseInitializer] Creating Users table...
[DatabaseInitializer] Users table already exists.
[DatabaseInitializer] Creating Categories table...
[DatabaseInitializer] Categories table already exists.
[DatabaseInitializer] Creating Products table...
[DatabaseInitializer] Products table already exists.
[DatabaseInitializer] Seeding test users...
[DatabaseInitializer] Seeding categories...
[DatabaseInitializer] Seeding products...
[DatabaseInitializer] Database initialized successfully!
Verifying connection...
[DBConnection] Connecting to URL: jdbc:sqlite:D:/UTS/IoTBayPersonnel/IoTBay/iotbay.db
[DBConnection] Using driver: org.sqlite.JDBC
[DBConnection] Database file absolute path: D:\UTS\IoTBayPersonnel\IoTBay\iotbay.db
[DBConnection] Database file exists: true
Connection successful: jdbc:sqlite:D:/UTS/IoTBayPersonnel/IoTBay/iotbay.db
Table 'categories' exists.
Table 'products' exists.
Table 'Users' exists.
Table 'categories' has 6 rows.
Table 'products' has 11 rows.
Table 'Users' has 3 rows.
=== Database Test Completed Successfully ===
[INFO] Tests run: 1, Failures: 0, Errors: 0, Skipped: 0, Time elapsed: 0.640 s -- in utils.DatabaseTest
[INFO] 
[INFO] Results:
[INFO] 
[INFO] Tests run: 1, Failures: 0, Errors: 0, Skipped: 0
[INFO] 
[INFO] ------------------------------------------------------------------------
[INFO] BUILD SUCCESS
[INFO] ------------------------------------------------------------------------
[INFO] Total time:  12.617 s
[INFO] Finished at: 2025-12-05T17:50:14+11:00
[INFO] ------------------------------------------------------------------------
